[dienhoa24gio.com/dat-hoa.html]
[backblue.gif]
[fade.gif]
[index.html]
[dienhoa24gio.com/Core.css]
[dienhoa24gio.com/css/ValidationEngine.css]
[dienhoa24gio.com/images/Favicon.ico]
[dienhoa24gio.com/images/bg_backgroud.gif]
[dienhoa24gio.com/js/jquery-1.4.2.min.js]
[dienhoa24gio.com/js/jquery.validationEngine-en.js]
[dienhoa24gio.com/js/jquery.validationEngine.js]
[connect.facebook.net/en_US/fbds.js]
[dienhoa24gio.com/WebResourcead0d.js]
[dienhoa24gio.com/ScriptResource4458.js]
[dienhoa24gio.com/ScriptResource1e11.axd]
[dienhoa24gio.com/ScriptResourcead23.axd]
[dienhoa24gio.com/ScriptResource0a01.axd]
[dienhoa24gio.com/ScriptResource5b4d.axd]
[dienhoa24gio.com/ScriptResource7b8a.axd]
[dienhoa24gio.com/ScriptResourceb8d6.axd]
[dienhoa24gio.com/ScriptResource3778.axd]
[dienhoa24gio.com/Images/icon_flag_en.gif]
[dienhoa24gio.com/images/logoimg.gif]
[dienhoa24gio.com/index.html]
[dienhoa24gio.com/Images/ComponentArt/Calendar/btn_calendar.gif]
[dienhoa24gio.com/CaptchaImage744c.jpg]
[dienhoa24gio.com/dat-hoa.html]
[dienhoa24gio.com/Core.css]
[dienhoa24gio.com/css/ValidationEngine.css]
[connect.facebook.net/en_US/fbds.js]
[dienhoa24gio.com/WebResourcead0d.js]
[dienhoa24gio.com/ScriptResource4458.js]
[dienhoa24gio.com/css/jquery-ui.css]
[dienhoa24gio.com/css/plugin.css]
[dienhoa24gio.com/css/main.css]
[dienhoa24gio.com/js/jquery-1.8.3.min.js]
[dienhoa24gio.com/js/jquery-ui.js]
[dienhoa24gio.com/js/plugins.js]
[dienhoa24gio.com/js/jquery.autocomplete.js]
[dienhoa24gio.com/Default.html]
[dienhoa24gio.com/img/dienhoa-logo.png]
[dienhoa24gio.com/Dang-nhap.html]
[dienhoa24gio.com/Kiem-tra-don-hang.html]
[dienhoa24gio.com/Gioi-thieu-dien-hoa-24h.html]
[dienhoa24gio.com/Huong-dan-thanh-toan.html]
[dienhoa24gio.com/News/620/so-tai-khoan-cua-dien-hoa-24h.html]
[dienhoa24gio.com/Tuyen-dung.html]
[dienhoa24gio.com/Lien-he.html]
[dienhoa24gio.com/Tin-dien-hoa-24h.html]
[dienhoa24gio.com/Bao-chi-voi-dien-hoa-24h.html]
[dienhoa24gio.com/Kien-thuc-ve-hoa.html]
[dienhoa24gio.com/Su-kien-dien-hoa-24h.html]
[dienhoa24gio.com/News/574/huong-dan-dat-hang.html]
[dienhoa24gio.com/News/879/chinh-sach-bao-mat-thong-tin.html]
[dienhoa24gio.com/News/878/chinh-sach-van-chuyen-doi-hang-tra-hang-va-hoan-tien.html]
[dienhoa24gio.com/img/Menu_trangchu.gif]
[dienhoa24gio.com/dien-hoa/2/hoa-sinh-nhat.html]
[dienhoa24gio.com/dien-hoa/11/hoa-sinh-nhat-me.html]
[dienhoa24gio.com/dien-hoa/12/hoa-sinh-nhat-vo.html]
[dienhoa24gio.com/dien-hoa/13/hoa-sinh-nhat-nguoi-yeu.html]
[dienhoa24gio.com/dien-hoa/14/hoa-sinh-nhat-ban.html]
[dienhoa24gio.com/dien-hoa/5/hoa-tinh-yeu.html]
[dienhoa24gio.com/img/Menu-hoasinhnhat.gif]
[dienhoa24gio.com/dien-hoa/6/hoa-khai-truong.html]
[dienhoa24gio.com/dien-hoa/25-Hoa-khai-truong/Price-2.html]
[dienhoa24gio.com/dien-hoa/25-Hoa-khai-truong/Price-3.html]
[dienhoa24gio.com/dien-hoa/25-Hoa-khai-truong/Price-4.html]
[dienhoa24gio.com/dien-hoa/25-Hoa-khai-truong/Price-5.html]
[dienhoa24gio.com/dien-hoa/25-Hoa-khai-truong/Price-6.html]
[dienhoa24gio.com/img/Menu_Hoakhaitruong.gif]
[dienhoa24gio.com/dien-hoa/7/hoa-chia-buon.html]
[dienhoa24gio.com/dien-hoa/28/lang-hoa-chia-buon.html]
[dienhoa24gio.com/dien-hoa/29/vong-hoa-chia-buon.html]
[dienhoa24gio.com/dien-hoa/28-Hoa-chia-buon/Price-2.html]
[dienhoa24gio.com/dien-hoa/28-Hoa-chia-buon/Price-3.html]
[dienhoa24gio.com/dien-hoa/28-Hoa-chia-buon/Price-4.html]
[dienhoa24gio.com/dien-hoa/28-Hoa-chia-buon/Price-5.html]
[dienhoa24gio.com/dien-hoa/28-Hoa-chia-buon/Price-6.html]
[dienhoa24gio.com/img/menu-Hoachiabuon.gif]
[dienhoa24gio.com/cua-hang-hoa/73/hoa-ho-diep.html]
[dienhoa24gio.com/shop-hoa.html]
[dienhoa24gio.com/shop-hoa/4/hoa-ngay-tet-nguyen-dan.html]
[dienhoa24gio.com/shop-hoa/24/hoa-ngay-le-tinh-nhan.html]
[dienhoa24gio.com/shop-hoa/97/hoa-ngay-thay-thuoc-viet-nam.html]
[dienhoa24gio.com/shop-hoa/20/hoa-ngay-quoc-te-phu-nu.html]
[dienhoa24gio.com/shop-hoa/99/hoa-ngay-cua-me.html]
[dienhoa24gio.com/shop-hoa/101/hoa-ngay-cua-cha.html]
[dienhoa24gio.com/shop-hoa/19/hoa-ngay-nha-bao.html]
[dienhoa24gio.com/shop-hoa/98/hoa-ngay-khai-giang.html]
[dienhoa24gio.com/shop-hoa/1/hoa-ngay-doanh-nhan.html]
[dienhoa24gio.com/shop-hoa/21/hoa-ngay-phu-nu-viet-nam.html]
[dienhoa24gio.com/shop-hoa/22/hoa-ngay-nha-giao-viet-nam.html]
[dienhoa24gio.com/shop-hoa/23/hoa-ngay-le-giang-sinh.html]
[dienhoa24gio.com/img/Menu_diptanghoa.gif]
[dienhoa24gio.com/cua-hang-hoa.html]
[dienhoa24gio.com/cua-hang-hoa/30/bo-hoa-tuoi.html]
[dienhoa24gio.com/cua-hang-hoa/32/gio-hoa-tuoi.html]
[dienhoa24gio.com/cua-hang-hoa/31/lang-hoa.html]
[dienhoa24gio.com/cua-hang-hoa/61/hoa-tuoi-cam-binh.html]
[dienhoa24gio.com/cua-hang-hoa/70/hoa-nghe-thuat.html]
[dienhoa24gio.com/cua-hang-hoa/71/hoa-vong.html]
[dienhoa24gio.com/cua-hang-hoa/72/cạy-van-phong.html]
[dienhoa24gio.com/cua-hang-hoa/74/hoa-ban-hop.html]
[dienhoa24gio.com/cua-hang-hoa/75/hoa-buc-phat-bieu.html]
[dienhoa24gio.com/cua-hang-hoa/109/hoa-tang-dai-bieu.html]
[dienhoa24gio.com/cua-hang-hoa/110/hoa-cai-ao-dai-bieu.html]
[dienhoa24gio.com/img/Menu_kieudang.gif]
[dienhoa24gio.com/mau-hoa-tuoi.html]
[dienhoa24gio.com/mau-hoa-tuoi/77/hoa-mau-do.html]
[dienhoa24gio.com/mau-hoa-tuoi/78/hoa-mau-vang.html]
[dienhoa24gio.com/mau-hoa-tuoi/79/hoa-mau-trang.html]
[dienhoa24gio.com/mau-hoa-tuoi/103/hoa-mau-tim.html]
[dienhoa24gio.com/mau-hoa-tuoi/80/hoa-mau-xanh.html]
[dienhoa24gio.com/mau-hoa-tuoi/81/hoa-mau-hong.html]
[dienhoa24gio.com/mau-hoa-tuoi/82/hoa-ket-hop.html]
[dienhoa24gio.com/img/Menu-Mausachoa.gif]
[dienhoa24gio.com/hoa-tuoi.html]
[dienhoa24gio.com/hoa-tuoi/84/hoa-hong.html]
[dienhoa24gio.com/hoa-tuoi/85/hoa-ly.html]
[dienhoa24gio.com/hoa-tuoi/86/hoa-dia-lan.html]
[dienhoa24gio.com/hoa-tuoi/87/hoa-cam-tu-cau.html]
[dienhoa24gio.com/hoa-tuoi/88/hoa-cam-chuong.html]
[dienhoa24gio.com/hoa-tuoi/89/hoa-loa-ken.html]
[dienhoa24gio.com/hoa-tuoi/105/hoa-baby.html]
[dienhoa24gio.com/hoa-tuoi/90/hoa-hong-mon.html]
[dienhoa24gio.com/hoa-tuoi/91/hoa-ho-diep.html]
[dienhoa24gio.com/hoa-tuoi/92/hoa-dong-tien.html]
[dienhoa24gio.com/hoa-tuoi/93/hoa-lan-tuong.html]
[dienhoa24gio.com/hoa-tuoi/94/hoa-huong-duong.html]
[dienhoa24gio.com/hoa-tuoi/95/hoa-sen.html]
[dienhoa24gio.com/hoa-tuoi/106/hoa-thien-dien.html]
[dienhoa24gio.com/hoa-tuoi/112/hoa-mau-don.html]
[dienhoa24gio.com/hoa-tuoi/113/hoa-tulips.html]
[dienhoa24gio.com/hoa-tuoi/114/hong-Ecuador.html]
[dienhoa24gio.com/hoa-tuoi/115/cuc-mau-don.html]
[dienhoa24gio.com/hoa-tuoi/116/cuc-hoa-mi.html]
[dienhoa24gio.com/hoa-tuoi/107/cuc-thanh-thao.html]
[dienhoa24gio.com/hoa-tuoi/117/hoa-thanh-lieu.html]
[dienhoa24gio.com/hoa-tuoi/118/hoa-tuyet-mai.html]
[dienhoa24gio.com/hoa-tuoi/119/hoa-sap.html]
[dienhoa24gio.com/hoa-tuoi/120/hoa-tien.html]
[dienhoa24gio.com/hoa-tuoi/121/cac-loai-hoa-moi.html]
[dienhoa24gio.com/dien-hoa/3/hoa-cuoi.html]
[dienhoa24gio.com/dien-hoa/15/hoa-cam-tay.html]
[dienhoa24gio.com/dien-hoa/16/hoa-chu-re.html]
[dienhoa24gio.com/dien-hoa/57/xe-hoa.html]
[dienhoa24gio.com/dien-hoa/59/hoa-de-ban.html]
[dienhoa24gio.com/dien-hoa/18/cong-hoa.html]
[dienhoa24gio.com/dien-hoa/102/BackGround.html]
[dienhoa24gio.com/img/Menu-Hoacuoi.gif]
[dienhoa24gio.com/dien-hoa/9/qua-tang.html]
[dienhoa24gio.com/dien-hoa/34/thu-bong.html]
[dienhoa24gio.com/dien-hoa/35/banh-kem.html]
[dienhoa24gio.com/dien-hoa/51/Chocolate.html]
[dienhoa24gio.com/dien-hoa/36/gio-hoa-qua.html]
[dienhoa24gio.com/dien-hoa/44/qua-tet.html]
[dienhoa24gio.com/dien-hoa/45/qua-tang-khac.html]
[dienhoa24gio.com/img/Menu-Quatang.gif]
[dienhoa24gio.com/Login.html]
[dienhoa24gio.com/CallMobile.html]
[dienhoa24gio.com/Admin/imgProducts/13032017bannerv2-2017-compressor.jpg]
[dienhoa24gio.com/News/6092/dat-hoa-tuoi-chi-30-phut-la-nhan-duoc-hoa-tai-ha-noi.html]
[dienhoa24gio.com/Admin/imgProducts/2711201830phut1-compressor.jpg]
[dienhoa24gio.com/img/paypalh.jpg]
[dienhoa24gio.com/img/visah.jpg]
[dienhoa24gio.com/img/masterh.jpg]
[dienhoa24gio.com/img/jsch.jpg]
[dienhoa24gio.com/Hoa-tuoi-khuyen-mai.html]
[dienhoa24gio.com/img/promotion.jpg]
[dienhoa24gio.com/hoa/4403/hoa-tang-sinh-nhat-g659.html]
[dienhoa24gio.com/Admin/imgProducts/Giohoasinhnhat-T1108_nho.jpg]
[dienhoa24gio.com/hoa/4321/bo-hoa-hong-do-hb597.html]
[dienhoa24gio.com/Admin/imgProducts/bohoahongdo21-2nho.jpg]
[dienhoa24gio.com/hoa/4395/gio-hoa-sinh-nhat-g651.html]
[dienhoa24gio.com/Admin/imgProducts/Giohoasinhnhat-T1101_nho.jpg]
[dienhoa24gio.com/hoa/4532/hoa-khai-truong-kt195.html]
[dienhoa24gio.com/Admin/imgProducts/Hoa_khai_truong_T22022_4_nho.jpg]
[dienhoa24gio.com/hoa/4485/hoa-khai-truong-kt184.html]
[dienhoa24gio.com/Admin/imgProducts/hoakhaitruongT1221-01A_nho.jpg]
[dienhoa24gio.com/hoa/4423/binh-hoa-cuc-mau-don-g674.html]
[dienhoa24gio.com/Admin/imgProducts/hoasinhnhat-T122021-06_nho.jpg]
[dienhoa24gio.com/hoa/4292/binh-hoa-tuoi-bi57.html]
[dienhoa24gio.com/Admin/imgProducts/Binhoatuoi2020-1_nho.jpg]
[dienhoa24gio.com/hoa/4322/bo-hoa-hong-ohara-hb598.html]
[dienhoa24gio.com/Admin/imgProducts/bohoahongohara21-1nho.jpg]
[dienhoa24gio.com/hoa/4529/hoa-khai-truong-kt192.html]
[dienhoa24gio.com/Admin/imgProducts/Hoa_khai_truong_T22022_1_nho.jpg]
[dienhoa24gio.com/Mau-hoa-tuoi-vip.html]
[dienhoa24gio.com/hoa/4348/hoa-sinh-nhat-dep-g626.html]
[dienhoa24gio.com/Admin/imgProducts/Giohoasinhnhatdep2021T601Nho.jpg]
[dienhoa24gio.com/hoa/4396/hoa-tang-sinh-nhat-g652.html]
[dienhoa24gio.com/Admin/imgProducts/Giohoasinhnhat-T1102_nho.jpg]
[dienhoa24gio.com/hoa/4289/hoa-sinh-nhat-g600.html]
[dienhoa24gio.com/Admin/imgProducts/giohoatuoi2020-1_nho.jpg]
[dienhoa24gio.com/hoa/4113/bo-hoa-tang-sinh-nhat-hb359.html]
[dienhoa24gio.com/Admin/imgProducts/bohoahongdonhap_nho.jpg]
[dienhoa24gio.com/hoa/4517/bo-hoa-hong-do-hb613---dienhoa24h.html]
[dienhoa24gio.com/Admin/imgProducts/Bohoa2T22022_nho.jpg]
[dienhoa24gio.com/hoa/4288/bo-hoa-sinh-nhat-hb588.html]
[dienhoa24gio.com/Admin/imgProducts/bohoatuoi2020-1_nho.jpg]
[dienhoa24gio.com/hoa/4420/gio-hoa-sinh-nhat-dep-g671.html]
[dienhoa24gio.com/Admin/imgProducts/hoasinhnhat-T122021-03_nho.jpg]
[dienhoa24gio.com/hoa/4486/hoa-khai-truong-kt185.html]
[dienhoa24gio.com/Admin/imgProducts/hoakhaitruongT1221-02A_nho.jpg]
[dienhoa24gio.com/hoa/4186/hoa-khai-truong-kt157.html]
[dienhoa24gio.com/Admin/imgProducts/hoakhaitruongt1-2019_nho.jpg]
[dienhoa24gio.com/hoa/4029/hoa-chuc-mung-kt97.html]
[dienhoa24gio.com/Admin/imgProducts/Langhoachucmung-hd2017_nho.jpg]
[dienhoa24gio.com/hoa/4412/hoa-khai-truong-kt180.html]
[dienhoa24gio.com/Admin/imgProducts/hoakhaiturongdep_T11-01_nho.jpg]
[dienhoa24gio.com/hoa/4133/hoa-khai-truong-dep-kt151.html]
[dienhoa24gio.com/Admin/imgProducts/hoakhaitruong2021T6750NHo.jpg]
[dienhoa24gio.com/hoa/4362/hoa-khai-truong-kt175.html]
[dienhoa24gio.com/Admin/imgProducts/hoakhaitruongT621T1Nho.jpg]
[dienhoa24gio.com/hoa/4413/hoa-khai-truong-kt181.html]
[dienhoa24gio.com/Admin/imgProducts/hoakhaiturongdep_T11-02_nho.jpg]
[dienhoa24gio.com/hoa/4368/hoa-khai-truong-kt177.html]
[dienhoa24gio.com/Admin/imgProducts/hoakhaitruongVin3s2021Nho.jpg]
[dienhoa24gio.com/hoa/1736/vong-hoa-chia-buon-mau-tim-vh08.html]
[dienhoa24gio.com/Admin/imgProducts/vonghoa7_nho.jpg]
[dienhoa24gio.com/Admin/imgProducts/hoachiabuon21-09_nho.jpg]
[dienhoa24gio.com/hoa/4482/hoa-chia-buon-cb209.html]
[dienhoa24gio.com/hoa/1408/vong-hoa-tang-mau-tim.html]
[dienhoa24gio.com/Admin/imgProducts/00001a6_nho.jpg]
[dienhoa24gio.com/Admin/imgProducts/hoa-chia-buon-dienhoa24gio-1_nho.jpg]
[dienhoa24gio.com/hoa/3949/hoa-tang-le-hoa-dam-tang-cb40.html]
[dienhoa24gio.com/Admin/imgProducts/hoachiabuon21-08_nho.jpg]
[dienhoa24gio.com/hoa/4481/hoa-chia-buon-v.html]
[dienhoa24gio.com/hoa/4383/vong-hoa-chia-buon-cb197.html]
[dienhoa24gio.com/Admin/imgProducts/Hoachiabuon2021T6T204Nho.jpg]
[dienhoa24gio.com/hoa/4379/hoa-chia-buon-cb193.html]
[dienhoa24gio.com/Admin/imgProducts/Hoachiabuon2021T6T201Nho.jpg]
[dienhoa24gio.com/Admin/imgProducts/hoachiabuon21T6T201Nho.jpg]
[dienhoa24gio.com/hoa/4378/hoa-chia-buon-cb192.html]
[dienhoa24gio.com/Admin/imgProducts/hodiepaaa-compressor_nho.jpg]
[dienhoa24gio.com/hoa/4101/hoa-lan-ho-diep-38.html]
[dienhoa24gio.com/hoa/4074/hoa-lan-ho-diep-15.html]
[dienhoa24gio.com/Admin/imgProducts/chau-lan-ho-diep-mau-vang-1468546417_nho-compressor.jpg]
[dienhoa24gio.com/Admin/imgProducts/hoa-lan-ho-diep5_nho-compressor.jpg]
[dienhoa24gio.com/hoa/4097/hoa-lan-ho-diep-33.html]
[dienhoa24gio.com/hoa/4092/hoa-lan-ho-diep-30.html]
[dienhoa24gio.com/Admin/imgProducts/hoalanhodiep-2_nho-compressor.jpg]
[dienhoa24gio.com/img/sidebar-1.jpg]
[dienhoa24gio.com/News/7631/top-nhung-mau-hoa-sinh-nhat-hot-nhat---dienhoa24giocom.html]
[dienhoa24gio.com/News/7636/mau-hoa-sinh-nhat-dep-nhat-tang-ngay---dienhoa24giocom.html]
[dienhoa24gio.com/News/7637/shop-hoa-sinh-nhat-hot-nhat-ha-noi.html]
[dienhoa24gio.com/News/7638/top-hoa-sinh-nhat-hot-dep-nhat.html]
[dienhoa24gio.com/News/7639/hinh-anh-nhung-mau-hoa-sinh-nhat-hot-tren-mang.html]
[dienhoa24gio.com/img/sidebar-2.jpg]
[dienhoa24gio.com/img/sidebar-3.gif]
[dienhoa24gio.com/News/3380/khoa-hoc-cam-hoa-nghe-thuat-chuyen-nghiep.html]
[dienhoa24gio.com/lien-he-2.html]
[dienhoa24gio.com/News/916/quy-trinh-chuyen-phat-dien-hoa.html]
[dienhoa24gio.com/Dang-ky.html]
[dienhoa24gio.com/img/dk.png]
[images.dmca.com/Badges/dmca_protected_sml_120b9bc4.png]
[images.dmca.com/Badges/DMCABadgeHelper.min.js]
[dienhoa24gio.com/dien-hoa-viet-nam/23/dien-hoa-dong-nai.html]
[dienhoa24gio.com/dien-hoa-viet-nam/14/dien-hoa-binh-duong.html]
[dienhoa24gio.com/dien-hoa-viet-nam/42/dien-hoa-nghe-an.html]
[dienhoa24gio.com/dien-hoa-viet-nam/5/dien-hoa-hai-phong.html]
[dienhoa24gio.com/Dien-hoa-viet-nam.html]
[dienhoa24gio.com/News/1912/dich-vu-gui-dien-hoa-tai-sai-gon-gia-re.html]
[dienhoa24gio.com/News/1913/dich-vu-gui-dien-hoa-tai-nha-trang-khanh-hoa.html]
[dienhoa24gio.com/News/1811/dien-hoa-khanh-hoa---dich-vu-dien-hoa-khanh-hoa-uy-tin-nhat.html]
[dienhoa24gio.com/News/1809/dien-hoa-tay-ninh---dienhoa24giocom.html]
[dienhoa24gio.com/News/2009/dich-vu-dien-hoa-hoa-tuoi-tai-nam-dinh-dienhoa24giocom.html]
[dienhoa24gio.com/News/1987/dich-vu-shop-hoa-tuoi-dien-hoa-quan-1-dienhoa24giocom.html]
[dienhoa24gio.com/News/1988/dich-vu-shop-hoa-tuoi-dien-hoa-quan-2-dienhoa24giocom.html]
[dienhoa24gio.com/News/1989/dich-vu-shop-hoa-tuoi-dien-hoa-quan-3-dienhoa24giocom.html]
[dienhoa24gio.com/News/1990/dich-vu-shop-hoa-tuoi-dien-hoa-quan-4-dienhoa24giocom.html]
[dienhoa24gio.com/News/1991/dich-vu-shop-hoa-tuoi-dien-hoa-quan-5-dienhoa24giocom.html]
[dienhoa24gio.com/News/2010/dich-vu-shop-hoa-tuoi-dien-hoa-quan-12-dienhoa24giocom.html]
[dienhoa24gio.com/News/1937/shop-hoa-tuoi-quan-binh-tan-tuoi-quan-binh-chanh-dienhoa24giocom.html]
[dienhoa24gio.com/News/1934/shop-hoa-tuoi-quan-binh-tan-dienhoa24giocom.html]
[dienhoa24gio.com/News/1932/shop-hoa-tuoi-quan-thu-duc-dienhoa24giocom.html]
[dienhoa24gio.com/News/1946/shop-hoa-tuoi-quan-tan-binh.html]
[dienhoa24gio.com/News/1938/shop-hoa-tuoi-quan-binh-thanh-dienhoa24giocom.html]
[dienhoa24gio.com/News/1945/shop-hoa-tuoi-quan-go-vap-dienhoa24giocom.html]
[dienhoa24gio.com/shop-hoa/1/hoa-ngay-phu-nu-viet-nam.html]
[dienhoa24gio.com/News/2026/chuyen-cung-cap-ke-hoa-sieu-dep-tai-dienhoa24giocom.html]
[dienhoa24gio.com/News/2027/cung-cap-dich-vu-dien-hoa-hoa-tuoi-su-kien-tai-viet-nam.html]
[dienhoa24gio.com/images/call.png]
[dienhoa24gio.com/index.html]
[dienhoa24gio.com/Images/Common/bg_topbar.html]
[dienhoa24gio.com/Images/Common/logo.html]
[dienhoa24gio.com/Images/Common/bg_undermenubar.html]
[dienhoa24gio.com/Images/Common/bg_footer.html]
[dienhoa24gio.com/Images/Grid/grid_headerBg.html]
[dienhoa24gio.com/Images/Grid/header_bg.html]
[dienhoa24gio.com/Images/Grid/header_hoverBg.html]
[dienhoa24gio.com/Images/Grid/header_activeBg.html]
[dienhoa24gio.com/Images/Menu/group_background.html]
[dienhoa24gio.com/Images/Menu/item_hover_bg.html]
[dienhoa24gio.com/Images/Menu/top_group_background.html]
[dienhoa24gio.com/Images/Menu/break_bg.html]
[dienhoa24gio.com/Images/Menu/group_background_Large.html]
[dienhoa24gio.com/Images/Menu/top_item_bg.html]
[dienhoa24gio.com/Images/Menu/item_hover_bg1.html]
[dienhoa24gio.com/Images/Menu/break_bg_large.html]
[dienhoa24gio.com/Images/maskBG.html]
[dienhoa24gio.com/Images/Splitter/splitter_horBg.html]
[dienhoa24gio.com/Images/Tab/tab_bg.html]
[dienhoa24gio.com/Images/Tab/hover_tab_bg.html]
[dienhoa24gio.com/Images/Tab/selected_tab_bg.html]
[dienhoa24gio.com/Images/Tab/scroll_item_bg.html]
[dienhoa24gio.com/Images/Tab/hover_scroll_item_bg.html]
[dienhoa24gio.com/Images/ToolBar/PageEditToolbarBg.html]
[dienhoa24gio.com/Images/ToolBar/RoundedButtonBg.html]
[dienhoa24gio.com/Images/ToolBar/RoundedButtonHoverBg.html]
[dienhoa24gio.com/Images/ToolBar/CommandBarBg.html]
[dienhoa24gio.com/Images/WebPart/AddWebPartBg.html]
[dienhoa24gio.com/Images/WebPart/AddWebPartHoverBg.html]
[dienhoa24gio.com/Images/ToolBar/ButtonBg.html]
[dienhoa24gio.com/Images/WebPart/ZoneHeaderBg.html]
[dienhoa24gio.com/Images/headerBg.html]
[dienhoa24gio.com/Images/bullet.html]
[dienhoa24gio.com/Images/Grid/Scroller/scroller_bg.html]
[dienhoa24gio.com/Images/Grid/Scroller/scroll_gripBg.html]
[dienhoa24gio.com/POST.html]
[dienhoa24gio.com/Firefox/index.html]
[dienhoa24gio.com/AppleWebKit/index.html]
[dienhoa24gio.com/Opera/index.html]
[dienhoa24gio.com/css/jquery-ui.css]
[dienhoa24gio.com/css/plugin.css]
[dienhoa24gio.com/css/main.css]
[tracking.autoads.asia/js/tracking.html]
[dienhoa24gio.com/Default.html]
[dienhoa24gio.com/Admin/imgProducts/chau-lan-ho-diep-binh-duong-1499666163_nho-compressor.jpg]
[dienhoa24gio.com/hoa/4073/hoa-lan-ho-diep-14.html]
[dienhoa24gio.com/UserRegister.html]
[dienhoa24gio.com/PasswordRecovery.html]
[dienhoa24gio.com/Dang-nhap.html]
[dienhoa24gio.com/CaptchaImage91ae.jpg]
[dienhoa24gio.com/Kiem-tra-don-hang.html]
[dienhoa24gio.com/Gioi-thieu-dien-hoa-24h.html]
[dienhoa24gio.com/images/onepay25.jpg]
[dienhoa24gio.com/images/payvisa.jpg]
[dienhoa24gio.com/images/paypal25.jpg]
[dienhoa24gio.com/images/vcb1.jpg]
[dienhoa24gio.com/images/qr-vcb.jpg]
[dienhoa24gio.com/images/tech.jpg]
[dienhoa24gio.com/images/AGRIbank.jpg]
[dienhoa24gio.com/images/ACB.jpg]
[dienhoa24gio.com/images/BIDV.jpg]
[dienhoa24gio.com/images/Vietinbank.jpg]
[dienhoa24gio.com/images/DAG.jpg]
[dienhoa24gio.com/images/MSB.jpg]
[dienhoa24gio.com/images/sacombank.jpg]
[dienhoa24gio.com/images/MB.jpg]
[dienhoa24gio.com/images/VPbank.jpg]
[dienhoa24gio.com/images/Oceanbank.jpg]
[dienhoa24gio.com/images/Standard.jpg]
[dienhoa24gio.com/images/eximbank.jpg]
[dienhoa24gio.com/images/abbank.jpg]
[dienhoa24gio.com/images/seabank.jpg]
[dienhoa24gio.com/images/tienphongbank.jpg]
[dienhoa24gio.com/images/vipbank.jpg]
[dienhoa24gio.com/Huong-dan-thanh-toan.html]
[dienhoa24gio.com/Images/facebook.gif]
[dienhoa24gio.com/Images/twitter.gif]
[dienhoa24gio.com/Images/google.gif]
[dienhoa24gio.com/Admin/imgNews/23012019keyboard-banking-computer.jpg]
[dienhoa24gio.com/userfiles/image/AGRIbank.jpg]
[dienhoa24gio.com/userfiles/image/BIDV.jpg]
[dienhoa24gio.com/userfiles/image/VietinbankCty.jpg]
[dienhoa24gio.com/userfiles/image/MSB.jpg]
[dienhoa24gio.com/userfiles/image/MB.jpg]
[dienhoa24gio.com/userfiles/image/Oceanbank.jpg]
[dienhoa24gio.com/userfiles/image/eximbank.jpg]
[dienhoa24gio.com/userfiles/image/seabank.jpg]
[dienhoa24gio.com/userfiles/image/0-Vinh1/2020/tienphongbank.png]
[dienhoa24gio.com/userfiles/image/0-Vinh1/2020/vipbank.png]
[dienhoa24gio.com/News/620/so-tai-khoan-cua-dien-hoa-24h.html]
[dienhoa24gio.com/News/4661/tuyen-dung-thang-112017.html]
[dienhoa24gio.com/Admin/imgNews/0811201720668481_327983527649019_758038921_n.jpg]
[dienhoa24gio.com/News/4163/tuyen-dung-thang-102016.html]
[dienhoa24gio.com/Admin/imgNews/09082016jobs.png]
[dienhoa24gio.com/News/2056/dien-hoa-24-gio-tuyen-dung-thang-1.html]
[dienhoa24gio.com/Admin/imgNews/01072015IMG_6202.jpg]
[dienhoa24gio.com/News/1730/tuyen-dung-thang-52015-ha-noi.html]
[dienhoa24gio.com/Admin/imgNews/2702201523575575info.gif]
[dienhoa24gio.com/News/1380/tuyen-dung-thang-12-va-thang-012015.html]
[dienhoa24gio.com/Admin/imgNews/12122014images.jpg]
[dienhoa24gio.com/News/913/tuyen-dung-thang-10.html]
[dienhoa24gio.com/Admin/imgNews/0609201409062014images.jpg]
[dienhoa24gio.com/News/881/dien-hoa-24h-va-cuoi-hoi-24h-tuyen-dung.html]
[dienhoa24gio.com/Admin/imgNews/09062014images.jpg]
[dienhoa24gio.com/Tuyen-dung.html]
[dienhoa24gio.com/Career4658.html]
[dienhoa24gio.com/images/qc1.jpg]
[dienhoa24gio.com/images/qc2.jpg]
[dienhoa24gio.com/Lien-he.html]
[dienhoa24gio.com/News/7644/mau-hoa-sinh-nhat-hot-nhat-hien-nay.html]
[dienhoa24gio.com/Admin/imgNews/19052022Hoptimhoahongchocolate2021t6.jpg]
[dienhoa24gio.com/News/7643/chon-hoa-sinh-nhat-hot-nhat-ha-noi.html]
[dienhoa24gio.com/Admin/imgNews/19052022giohoa21-1A.jpg]
[dienhoa24gio.com/News/7642/xem-nhung-mau-hoa-sinh-nhat-hot-nhat-hien-nay.html]
[dienhoa24gio.com/Admin/imgNews/19052022binhhoahodiep2021A.jpg]
[dienhoa24gio.com/News/7641/hoa-sinh-nhat-hot-nhat-ha-noi.html]
[dienhoa24gio.com/Admin/imgNews/19052022binhoavip21T6ST62A.jpg]
[dienhoa24gio.com/News/7640/dat-hoa-sinh-nhat-hot-nhat.html]
[dienhoa24gio.com/Admin/imgNews/19052022bohoahongdo21-3A.jpg]
[dienhoa24gio.com/Admin/imgNews/19052022bohoahongkem21-1A.jpg]
[dienhoa24gio.com/Admin/imgNews/19052022hoptron21-1.jpg]
[dienhoa24gio.com/Admin/imgNews/19052022bohoahongkem21-2A.jpg]
[dienhoa24gio.com/Admin/imgNews/19052022Mau_hoa_sinh_nhat_dep_nhat_1b.jpg]
[dienhoa24gio.com/Admin/imgNews/19052022mau_hoa_sinh_nhat_hot1.jpg]
[dienhoa24gio.com/Tin-dien-hoa-24h4658.html]
[dienhoa24gio.com/Tin-dien-hoa-24h9ba9.html]
[dienhoa24gio.com/Tin-dien-hoa-24hfdb0.html]
[dienhoa24gio.com/Tin-dien-hoa-24haf4d.html]
[dienhoa24gio.com/Tin-dien-hoa-24hc575.html]
[dienhoa24gio.com/Tin-dien-hoa-24h235c.html]
[dienhoa24gio.com/Tin-dien-hoa-24hfdfa.html]
[dienhoa24gio.com/Tin-dien-hoa-24h.html]
[dienhoa24gio.com/Tin-dien-hoa-24h0b08.html]
[dienhoa24gio.com/News/4594/ngay-cua-cha-cung-voi-dien-hoa-24h.html]
[dienhoa24gio.com/Admin/imgNews/24062017BF6538.jpg]
[dienhoa24gio.com/News/3490/dien-hoa-24h-tai-tro-cho-le-cong-bo-chi-so-thuong-mai-dien-tu-viet-nam-nam-2015.html]
[dienhoa24gio.com/Admin/imgNews/26022016vecom2.jpg]
[dienhoa24gio.com/News/1126/dien-hoa-24h-tren-kenh-truyen-hinh-vtv9.html]
[dienhoa24gio.com/Admin/imgNews/27102014vtv9-20-10-2014.jpg]
[dienhoa24gio.com/News/923/dien-hoa-24h-tren-kenh-truyen-hinh-infotv.html]
[dienhoa24gio.com/Admin/imgNews/11092014truyenhinh.jpg]
[dienhoa24gio.com/News/632/dienhoa24giocom-giam-20-qua-ngan-luongvn.html]
[dienhoa24gio.com/Admin/imgNews/15112012sp1_nho.jpg]
[dienhoa24gio.com/News/617/cac-ngan-hang-chay-dua-tang-qua-khuyen-mai.html]
[dienhoa24gio.com/Admin/imgNews/06032012bohong.jpg]
[dienhoa24gio.com/News/616/tu-van-chuong-trinh-'gui-loi-yeu-thuong'.html]
[dienhoa24gio.com/Admin/imgNews/06032012000001a_nho.jpg]
[dienhoa24gio.com/Bao-chi-voi-dien-hoa-24h4658.html]
[dienhoa24gio.com/Bao-chi-voi-dien-hoa-24h.html]
[dienhoa24gio.com/Bao-chi-voi-dien-hoa-24h9ba9.html]
[www.google-analytics.com/analytics.js]
[www.googleadservices.com/pagead/f.txt]
[dienhoa24gio.com/kien-thuc-ve-hoa/8/nhat-ky-cac-loai-hoa.html]
[dienhoa24gio.com/kien-thuc-ve-hoa/9/anh-ve-hoa.html]
[dienhoa24gio.com/kien-thuc-ve-hoa/10/video-day-cam-hoa.html]
[dienhoa24gio.com/kien-thuc-ve-hoa/11/trong-cham-soc-hoa.html]
[dienhoa24gio.com/kien-thuc-ve-hoa/12/tho-truyen-ve-hoa.html]
[dienhoa24gio.com/kien-thuc-ve-hoa/13/thi-truong-hoa.html]
[dienhoa24gio.com/NewsDetail/3935/cach-cam-lang-hoa-khai-truong-hoa-sinh-nhat.html]
[dienhoa24gio.com/Admin/imgNews/02062017hoatuoi1-500.jpg]
[dienhoa24gio.com/tin-tuc/10/video-day-cam-hoa.html]
[dienhoa24gio.com/NewsDetail/3389/cach-cam-binh-ly-dep-de-ban-nhanh.html]
[dienhoa24gio.com/Admin/imgNews/23012016cam-hoa-ly-5.jpg]
[dienhoa24gio.com/NewsDetail/2237/huong-dan-cam-gio-hoa-hop-hoa-don-gian.html]
[dienhoa24gio.com/NewsDetail/2151/hoa-tuoi-van-phong-danh-cho-doanh-nghiep.html]
[dienhoa24gio.com/NewsDetail/4259/y-nghia-cua-hoa-cat-tuong.html]
[dienhoa24gio.com/Admin/imgNews/06092016hoa-cat-tuong-1.jpg]
[dienhoa24gio.com/tin-tuc/13/thi-truong-hoa.html]
[dienhoa24gio.com/NewsDetail/4049/ban-co-biet-su-tich-ve-hoa-huong-duong.html]
[dienhoa24gio.com/Admin/imgNews/07072016hoa tươi để bàn 1.jpg]
[dienhoa24gio.com/NewsDetail/3723/cau-chuyen-cam-dong-nhan-ngay-cua-me.html]
[dienhoa24gio.com/Admin/imgNews/07052016Images-For-Mothers-Day.jpg]
[dienhoa24gio.com/NewsDetail/4387/trong-va-cham-soc-lan-vu-nu.html]
[dienhoa24gio.com/tin-tuc/11/trong-cham-soc-hoa.html]
[dienhoa24gio.com/NewsDetail/3757/meo-chon-hoa-ly-dep-va-giu-hoa-tuoi-lau-ban-nen-biet.html]
[dienhoa24gio.com/NewsDetail/3666/ky-thuat-trong-va-cham-soc-hoa-do-quyen-mua-tet.html]
[dienhoa24gio.com/NewsDetail/883/nguyen-tac-co-ban-khi-bat-dau-hoc-cam-hoa.html]
[dienhoa24gio.com/NewsDetail/2166/y-nghia-cua-hoa-huong-duong.html]
[dienhoa24gio.com/NewsDetail/888/mot-so-mau-gio-hoa-an-tuong.html]
[dienhoa24gio.com/NewsDetail/2314/hoa-cuc-xanh.html]
[dienhoa24gio.com/NewsDetail/2113/cam-gio-hoa-chuc-mung-sinh-nhat-bang-hoa-sen-va-hoa-huong-duong.html]
[dienhoa24gio.com/NewsDetail/845/cac-mau-hoa-cuoi-dep-nhat-nam-2014-cac-mau-hoa-cuoi-moi-bo-hoa-co-dau-moi-dep.html]
[dienhoa24gio.com/hoa/1943/lang-hoa-dep-hoa-khai-truong-dep-kt52.html]
[dienhoa24gio.com/Admin/imgProducts/z1_nho.jpg]
[dienhoa24gio.com/Images/loading.gif]
[dienhoa24gio.com/NewsDetail/5987/bo-hoa-hong-vang-tang-sinh-nhat-dep-cua-dienhoa24giocom.html]
[dienhoa24gio.com/Admin/imgNews/31082018bo_hoa-sinh_nhat-dienhoa24gio-2.jpg]
[dienhoa24gio.com/NewsDetail/2270/anh-backgroud-hoa-tuoi-cho-may-tinh.html]
[dienhoa24gio.com/Admin/imgNews/31072015backgroud5.jpg]
[dienhoa24gio.com/NewsDetail/2158/vuoi-hoa-hong-tuyet-dep-nhu-trong-mo.html]
[dienhoa24gio.com/Admin/imgNews/19072015vuonhong.jpg]
[dienhoa24gio.com/Kien-thuc-ve-hoa.html]
[dienhoa24gio.com/ScriptResource9bd2.axd]
[dienhoa24gio.com/Events/6370/gio-hoa-khai-truong-sang-trong-gia-re-nhat-ha-noi.html]
[dienhoa24gio.com/Admin/imgNews/0403202089011451_3287803987902731_6489800162414690304_o.jpg]
[dienhoa24gio.com/Events/3632/10-bo-hoa-sinh-nhat-mau-tim-dep---la---doc-dao-nhat-the-gioi-nam-2016.html]
[dienhoa24gio.com/Admin/imgNews/0704201610-bo-hoa-sinh-nhat-tim-dep-la-doc-dao-nhat-the-gioi-2016-2.jpg]
[dienhoa24gio.com/Events/1831/hoa-khai-truong-nha-may-mo-rong-aureole---bcd-hai-duong.html]
[dienhoa24gio.com/Admin/imgNews/14082015IMG_6836-nho.jpg]
[dienhoa24gio.com/Events/1830/hoa-chuc-mung-ky-niem-10-nam-thanh-lap.html]
[dienhoa24gio.com/Admin/imgNews/28042015IMG_7221nho.jpg]
[dienhoa24gio.com/Events/1828/hoa-khai-truong-cong-ty-dehues.html]
[dienhoa24gio.com/Admin/imgNews/28042015nhooog.jpg]
[dienhoa24gio.com/Events/1827/hoa-tuoi-chuc-mung-khanh-thanh-nha-may-tamada.html]
[dienhoa24gio.com/Admin/imgNews/28042015IMG_7499.jpg]
[dienhoa24gio.com/Events/1241/le-trao-giai-nhan-tai-dat-viet.html]
[dienhoa24gio.com/Admin/imgNews/21112014le trao giai nhan tai dat vien (4).jpg]
[dienhoa24gio.com/Events/1240/le-khanh-thanh-nha-may-hanesbrands-viet-nam.html]
[dienhoa24gio.com/Admin/imgNews/21112014le khanh thanh nha may hanesbrands  (3).jpg]
[dienhoa24gio.com/Events/1011/viet-nam-2020-va-tuong-lai-hien-dai-hoa-cho-buoc-phat-trien-ke-tiep-ihi-2020.html]
[dienhoa24gio.com/Admin/imgNews/08102014Vietn 2020 va tuong lai hien dai hoa cho buoc phat trien ke tiep IHI 2014 (1).jpg]
[dienhoa24gio.com/Events/915/khai-truong-fanifa.html]
[dienhoa24gio.com/Admin/imgNews/06092014hoa_khai_truong chuc mung canifa (5).jpg]
[dienhoa24gio.com/Events/905/le-ky-niem-20-hoat-dong-dau-tu-mitani-sangyo-tai-viet-nam.html]
[dienhoa24gio.com/Admin/imgNews/18082014dien-hoa-24gio,lang-hoa-dep (2).jpg]
[dienhoa24gio.com/Events/904/ky-niem-10-nam-thanh-lap-cong-ty-nhat-minh.html]
[dienhoa24gio.com/Admin/imgNews/16082014dien-hoa-dich-vu-hoa-tuoi,shop-hoa-tuoi (13).jpg]
[dienhoa24gio.com/Su-kien-dien-hoa-24h4658.html]
[dienhoa24gio.com/Su-kien-dien-hoa-24h9ba9.html]
[dienhoa24gio.com/Su-kien-dien-hoa-24hfdb0.html]
[dienhoa24gio.com/Su-kien-dien-hoa-24haf4d.html]
[dienhoa24gio.com/Su-kien-dien-hoa-24h.html]
[dienhoa24gio.com/News/574/huong-dan-dat-hang.html]
[dienhoa24gio.com/News/879/chinh-sach-bao-mat-thong-tin.html]
[dienhoa24gio.com/News/878/chinh-sach-van-chuyen-doi-hang-tra-hang-va-hoan-tien.html]
[dienhoa24gio.com/dien-hoa/2/hoa-sinh-nhat.html]
[dienhoa24gio.com/dien-hoa/11/hoa-sinh-nhat-me.html]
[dienhoa24gio.com/dien-hoa/12/hoa-sinh-nhat-vo.html]
[dienhoa24gio.com/dien-hoa/13/hoa-sinh-nhat-nguoi-yeu.html]
[dienhoa24gio.com/dien-hoa/14/hoa-sinh-nhat-ban.html]
[dienhoa24gio.com/dien-hoa/5/hoa-tinh-yeu.html]
[dienhoa24gio.com/dien-hoa/6/hoa-khai-truong.html]
[dienhoa24gio.com/dien-hoa/25-Hoa-khai-truong/Price-2.html]
[dienhoa24gio.com/dien-hoa/25-Hoa-khai-truong/Price-3.html]
[dienhoa24gio.com/dien-hoa/25-Hoa-khai-truong/Price-4.html]
[dienhoa24gio.com/dien-hoa/25-Hoa-khai-truong/Price-5.html]
[dienhoa24gio.com/dien-hoa/25-Hoa-khai-truong/Price-6.html]
[dienhoa24gio.com/dien-hoa/7/hoa-chia-buon.html]
[dienhoa24gio.com/dien-hoa/28/lang-hoa-chia-buon.html]
[dienhoa24gio.com/dien-hoa/29/vong-hoa-chia-buon.html]
[dienhoa24gio.com/dien-hoa/28-Hoa-chia-buon/Price-2.html]
[dienhoa24gio.com/dien-hoa/28-Hoa-chia-buon/Price-3.html]
[dienhoa24gio.com/dien-hoa/28-Hoa-chia-buon/Price-4.html]
[dienhoa24gio.com/dien-hoa/28-Hoa-chia-buon/Price-5.html]
[dienhoa24gio.com/dien-hoa/28-Hoa-chia-buon/Price-6.html]
[dienhoa24gio.com/cua-hang-hoa/73/hoa-ho-diep.html]
[dienhoa24gio.com/shop-hoa.html]
[dienhoa24gio.com/shop-hoa/4/hoa-ngay-tet-nguyen-dan.html]
[dienhoa24gio.com/shop-hoa/24/hoa-ngay-le-tinh-nhan.html]
[dienhoa24gio.com/shop-hoa/97/hoa-ngay-thay-thuoc-viet-nam.html]
[dienhoa24gio.com/shop-hoa/20/hoa-ngay-quoc-te-phu-nu.html]
[dienhoa24gio.com/shop-hoa/99/hoa-ngay-cua-me.html]
[dienhoa24gio.com/shop-hoa/101/hoa-ngay-cua-cha.html]
[dienhoa24gio.com/shop-hoa/19/hoa-ngay-nha-bao.html]
[dienhoa24gio.com/shop-hoa/98/hoa-ngay-khai-giang.html]
[dienhoa24gio.com/shop-hoa/1/hoa-ngay-doanh-nhan.html]
[dienhoa24gio.com/shop-hoa/21/hoa-ngay-phu-nu-viet-nam.html]
[dienhoa24gio.com/shop-hoa/22/hoa-ngay-nha-giao-viet-nam.html]
[dienhoa24gio.com/shop-hoa/23/hoa-ngay-le-giang-sinh.html]
[dienhoa24gio.com/cua-hang-hoa.html]
[dienhoa24gio.com/cua-hang-hoa/30/bo-hoa-tuoi.html]
[dienhoa24gio.com/cua-hang-hoa/32/gio-hoa-tuoi.html]
[dienhoa24gio.com/cua-hang-hoa/31/lang-hoa.html]
[dienhoa24gio.com/cua-hang-hoa/61/hoa-tuoi-cam-binh.html]
[dienhoa24gio.com/cua-hang-hoa/70/hoa-nghe-thuat.html]
[dienhoa24gio.com/cua-hang-hoa/71/hoa-vong.html]
[dienhoa24gio.com/cua-hang-hoa/72/cạy-van-phong.html]
[dienhoa24gio.com/cua-hang-hoa/74/hoa-ban-hop.html]
[dienhoa24gio.com/cua-hang-hoa/75/hoa-buc-phat-bieu.html]
[dienhoa24gio.com/cua-hang-hoa/109/hoa-tang-dai-bieu.html]
[dienhoa24gio.com/cua-hang-hoa/110/hoa-cai-ao-dai-bieu.html]
[dienhoa24gio.com/mau-hoa-tuoi.html]
[dienhoa24gio.com/mau-hoa-tuoi/77/hoa-mau-do.html]
[dienhoa24gio.com/mau-hoa-tuoi/78/hoa-mau-vang.html]
[dienhoa24gio.com/mau-hoa-tuoi/79/hoa-mau-trang.html]
[dienhoa24gio.com/mau-hoa-tuoi/103/hoa-mau-tim.html]
[dienhoa24gio.com/mau-hoa-tuoi/80/hoa-mau-xanh.html]
[dienhoa24gio.com/mau-hoa-tuoi/81/hoa-mau-hong.html]
[dienhoa24gio.com/mau-hoa-tuoi/82/hoa-ket-hop.html]
[dienhoa24gio.com/hoa-tuoi.html]
[dienhoa24gio.com/hoa-tuoi/84/hoa-hong.html]
[dienhoa24gio.com/hoa-tuoi/85/hoa-ly.html]
[dienhoa24gio.com/hoa-tuoi/86/hoa-dia-lan.html]
[dienhoa24gio.com/hoa-tuoi/87/hoa-cam-tu-cau.html]
[dienhoa24gio.com/hoa-tuoi/88/hoa-cam-chuong.html]
[dienhoa24gio.com/hoa-tuoi/89/hoa-loa-ken.html]
[dienhoa24gio.com/hoa-tuoi/105/hoa-baby.html]
[dienhoa24gio.com/hoa-tuoi/90/hoa-hong-mon.html]
[dienhoa24gio.com/hoa-tuoi/91/hoa-ho-diep.html]
[dienhoa24gio.com/hoa-tuoi/92/hoa-dong-tien.html]
[dienhoa24gio.com/hoa-tuoi/93/hoa-lan-tuong.html]
[dienhoa24gio.com/hoa-tuoi/94/hoa-huong-duong.html]
[dienhoa24gio.com/hoa-tuoi/95/hoa-sen.html]
[dienhoa24gio.com/hoa-tuoi/106/hoa-thien-dien.html]
[dienhoa24gio.com/hoa-tuoi/112/hoa-mau-don.html]
[dienhoa24gio.com/hoa-tuoi/113/hoa-tulips.html]
[dienhoa24gio.com/hoa-tuoi/114/hong-Ecuador.html]
[dienhoa24gio.com/hoa-tuoi/115/cuc-mau-don.html]
[dienhoa24gio.com/hoa-tuoi/116/cuc-hoa-mi.html]
[dienhoa24gio.com/hoa-tuoi/107/cuc-thanh-thao.html]
[dienhoa24gio.com/hoa-tuoi/117/hoa-thanh-lieu.html]
[dienhoa24gio.com/hoa-tuoi/118/hoa-tuyet-mai.html]
[dienhoa24gio.com/hoa-tuoi/119/hoa-sap.html]
[dienhoa24gio.com/hoa-tuoi/120/hoa-tien.html]
[dienhoa24gio.com/hoa-tuoi/121/cac-loai-hoa-moi.html]
[dienhoa24gio.com/dien-hoa/3/hoa-cuoi.html]
[dienhoa24gio.com/dien-hoa/15/hoa-cam-tay.html]
[dienhoa24gio.com/dien-hoa/16/hoa-chu-re.html]
[dienhoa24gio.com/dien-hoa/57/xe-hoa.html]
[dienhoa24gio.com/dien-hoa/59/hoa-de-ban.html]
[dienhoa24gio.com/dien-hoa/18/cong-hoa.html]
[dienhoa24gio.com/dien-hoa/102/BackGround.html]
[dienhoa24gio.com/dien-hoa/9/qua-tang.html]
[dienhoa24gio.com/dien-hoa/34/thu-bong.html]
[dienhoa24gio.com/dien-hoa/35/banh-kem.html]
[dienhoa24gio.com/dien-hoa/51/Chocolate.html]
[dienhoa24gio.com/dien-hoa/36/gio-hoa-qua.html]
[dienhoa24gio.com/dien-hoa/44/qua-tet.html]
[dienhoa24gio.com/dien-hoa/45/qua-tang-khac.html]
[dienhoa24gio.com/Login.html]
[dienhoa24gio.com/CallMobile.html]
[dienhoa24gio.com/News/6092/dat-hoa-tuoi-chi-30-phut-la-nhan-duoc-hoa-tai-ha-noi.html]
[dienhoa24gio.com/Hoa-tuoi-khuyen-mai.html]
[dienhoa24gio.com/hoa/4403/hoa-tang-sinh-nhat-g659.html]
[dienhoa24gio.com/hoa/4321/bo-hoa-hong-do-hb597.html]
[dienhoa24gio.com/hoa/4395/gio-hoa-sinh-nhat-g651.html]
[dienhoa24gio.com/hoa/4532/hoa-khai-truong-kt195.html]
[dienhoa24gio.com/hoa/4485/hoa-khai-truong-kt184.html]
[dienhoa24gio.com/hoa/4423/binh-hoa-cuc-mau-don-g674.html]
[dienhoa24gio.com/hoa/4292/binh-hoa-tuoi-bi57.html]
[dienhoa24gio.com/hoa/4322/bo-hoa-hong-ohara-hb598.html]
[dienhoa24gio.com/hoa/4529/hoa-khai-truong-kt192.html]
[dienhoa24gio.com/Mau-hoa-tuoi-vip.html]
[dienhoa24gio.com/hoa/4348/hoa-sinh-nhat-dep-g626.html]
[dienhoa24gio.com/hoa/4396/hoa-tang-sinh-nhat-g652.html]
[dienhoa24gio.com/hoa/4289/hoa-sinh-nhat-g600.html]
[dienhoa24gio.com/hoa/4113/bo-hoa-tang-sinh-nhat-hb359.html]
[dienhoa24gio.com/hoa/4517/bo-hoa-hong-do-hb613---dienhoa24h.html]
[dienhoa24gio.com/hoa/4288/bo-hoa-sinh-nhat-hb588.html]
[dienhoa24gio.com/hoa/4420/gio-hoa-sinh-nhat-dep-g671.html]
[dienhoa24gio.com/hoa/4486/hoa-khai-truong-kt185.html]
[dienhoa24gio.com/hoa/4186/hoa-khai-truong-kt157.html]
[dienhoa24gio.com/hoa/4029/hoa-chuc-mung-kt97.html]
[dienhoa24gio.com/hoa/4412/hoa-khai-truong-kt180.html]
[dienhoa24gio.com/hoa/4133/hoa-khai-truong-dep-kt151.html]
[dienhoa24gio.com/hoa/4362/hoa-khai-truong-kt175.html]
[dienhoa24gio.com/hoa/4413/hoa-khai-truong-kt181.html]
[dienhoa24gio.com/hoa/4368/hoa-khai-truong-kt177.html]
[dienhoa24gio.com/hoa/1736/vong-hoa-chia-buon-mau-tim-vh08.html]
[dienhoa24gio.com/hoa/4482/hoa-chia-buon-cb209.html]
[dienhoa24gio.com/hoa/1408/vong-hoa-tang-mau-tim.html]
[dienhoa24gio.com/hoa/3949/hoa-tang-le-hoa-dam-tang-cb40.html]
[dienhoa24gio.com/hoa/4481/hoa-chia-buon-v.html]
[dienhoa24gio.com/hoa/4383/vong-hoa-chia-buon-cb197.html]
[dienhoa24gio.com/hoa/4379/hoa-chia-buon-cb193.html]
[dienhoa24gio.com/hoa/4378/hoa-chia-buon-cb192.html]
[dienhoa24gio.com/hoa/4101/hoa-lan-ho-diep-38.html]
[dienhoa24gio.com/hoa/4074/hoa-lan-ho-diep-15.html]
[dienhoa24gio.com/hoa/4097/hoa-lan-ho-diep-33.html]
[dienhoa24gio.com/hoa/4092/hoa-lan-ho-diep-30.html]
[dienhoa24gio.com/News/7631/top-nhung-mau-hoa-sinh-nhat-hot-nhat---dienhoa24giocom.html]
[dienhoa24gio.com/News/7636/mau-hoa-sinh-nhat-dep-nhat-tang-ngay---dienhoa24giocom.html]
[dienhoa24gio.com/News/7637/shop-hoa-sinh-nhat-hot-nhat-ha-noi.html]
